// Jest Snapshot v1, https://goo.gl/fbAQLP

exports[`should match snapshot 1`] = `
ShallowWrapper {
  "length": 1,
  Symbol(enzyme.__root__): [Circular],
  Symbol(enzyme.__unrendered__): <Homepage />,
  Symbol(enzyme.__renderer__): Object {
    "batchedUpdates": [Function],
    "getNode": [Function],
    "render": [Function],
    "simulateEvent": [Function],
    "unmount": [Function],
  },
  Symbol(enzyme.__node__): Object {
    "instance": null,
    "key": undefined,
    "nodeType": "class",
    "props": Object {
      "children": Array [
        <p>
          This project is used as a technical test when interviewing potential front-end web developers for Progressive Content.
</p>,
        <p>
          For more information, check out the README file...
</p>,
      ],
      "heading": "Progressive Content",
      "subheading": "Front-end Technical Test",
    },
    "ref": null,
    "rendered": Array [
      Object {
        "instance": null,
        "key": undefined,
        "nodeType": "host",
        "props": Object {
          "children": "This project is used as a technical test when interviewing potential front-end web developers for Progressive Content.",
        },
        "ref": null,
        "rendered": "This project is used as a technical test when interviewing potential front-end web developers for Progressive Content.",
        "type": "p",
      },
      Object {
        "instance": null,
        "key": undefined,
        "nodeType": "host",
        "props": Object {
          "children": "For more information, check out the README file...",
        },
        "ref": null,
        "rendered": "For more information, check out the README file...",
        "type": "p",
      },
    ],
    "type": [Function],
  },
  Symbol(enzyme.__nodes__): Array [
    Object {
      "instance": null,
      "key": undefined,
      "nodeType": "class",
      "props": Object {
        "children": Array [
          <p>
            This project is used as a technical test when interviewing potential front-end web developers for Progressive Content.
</p>,
          <p>
            For more information, check out the README file...
</p>,
        ],
        "heading": "Progressive Content",
        "subheading": "Front-end Technical Test",
      },
      "ref": null,
      "rendered": Array [
        Object {
          "instance": null,
          "key": undefined,
          "nodeType": "host",
          "props": Object {
            "children": "This project is used as a technical test when interviewing potential front-end web developers for Progressive Content.",
          },
          "ref": null,
          "rendered": "This project is used as a technical test when interviewing potential front-end web developers for Progressive Content.",
          "type": "p",
        },
        Object {
          "instance": null,
          "key": undefined,
          "nodeType": "host",
          "props": Object {
            "children": "For more information, check out the README file...",
          },
          "ref": null,
          "rendered": "For more information, check out the README file...",
          "type": "p",
        },
      ],
      "type": [Function],
    },
  ],
  Symbol(enzyme.__options__): Object {
    "adapter": ReactSixteenAdapter {
      "options": Object {
        "enableComponentDidUpdateOnSetState": true,
      },
    },
  },
}
`;
